// Jest Snapshot v1, https://goo.gl/fbAQLP

exports[`search component should render search 1`] = `ShallowWrapper {}`;
