// Jest Snapshot v1, https://goo.gl/fbAQLP

exports[`add grocery component should render add grocery 1`] = `ShallowWrapper {}`;
