// Jest Snapshot v1, https://goo.gl/fbAQLP

exports[`grocery component should render grocery 1`] = `ShallowWrapper {}`;
